[otaku-coin.com/index.html]
[backblue.gif]
[fade.gif]
[index.html]
[otaku-coin.com/common/images/media-20171218.png]
[otaku-coin.com/common/images/favicon.png]
[otaku-coin.com/common/images/apple-touch-icon.png]
[otaku-coin.com/common/css/reset.css]
[otaku-coin.com/common/css/layout.css]
[external.html]
[otaku-coin.com/common/css/magnific-popup.css]
[otaku-coin.com/common/images/obj_logo.png]
[otaku-coin.com/en/index.html]
[s3.amazonaws.com/downloads.mailchimp.com/js/mc-validate.js]
[otaku-coin.com/common/images/bt_fb01.png]
[otaku-coin.com/common/images/bt_tg01.png]
[otaku-coin.com/common/images/obj_ba01.png]
[otaku-coin.com/common/images/obj_ba02.png]
[otaku-coin.com/common/images/obj_0201.png]
[otaku-coin.com/common/images/obj_0202.png]
[otaku-coin.com/common/images/obj_0203.png]
[otaku-coin.com/common/images/obj_0204.png]
[otaku-coin.com/common/images/obj_0205.png]
[otaku-coin.com/common/images/obj_0206.png]
[otaku-coin.com/common/images/obj_plan.png]
[otaku-coin.com/common/images/obj_image.png]
[otaku-coin.com/common/images/obj_ba03.png]
[otaku-coin.com/common/images/ph_0301.png]
[otaku-coin.com/common/images/fb02.png]
[otaku-coin.com/common/images/tg02.png]
[otaku-coin.com/common/images/ph_0302.png]
[otaku-coin.com/common/images/ph_0303.png]
[otaku-coin.com/common/images/ph_0304.png]
[otaku-coin.com/common/images/bd02.png]
[otaku-coin.com/common/images/ph_0305.png]
[otaku-coin.com/common/images/yb02.png]
[otaku-coin.com/common/images/ph_0309.png]
[otaku-coin.com/common/images/ph_0306.png]
[otaku-coin.com/common/images/ph_0307.png]
[otaku-coin.com/common/images/ph_0308.png]
[otaku-coin.com/common/images/fb03.png]
[otaku-coin.com/common/images/tg03.png]
[otaku-coin.com/common/images/mg03.png]
[otaku-coin.com/common/images/ct03.png]
[ajax.googleapis.com/ajax/libs/jquery/1.11.3/jquery.min.js]
[otaku-coin.com/common/js/script.js]
[otaku-coin.com/index.html]
[fonts.googleapis.com/css975a.css]
[otaku-coin.com/common/images/obj_plan_en.png]
[otaku-coin.com/en/index.html]
[otaku-coin.com/common/images/favicon.html]
[otaku-coin.com/common/css/reset.css]
[otaku-coin.com/common/images/bg_content01.jpg]
[otaku-coin.com/common/images/bg.jpg]
[otaku-coin.com/common/images/ph_office.png]
[otaku-coin.com/common/images/bg_content03.jpg]
[otaku-coin.com/common/images/bg.png]
[otaku-coin.com/common/css/layout.css]
[otaku-coin.com/common/css/magnific-popup.css]
[cdn-images.mailchimp.com/embedcode/classic-10_7.css]
